[www.megabox.co.kr/static/pc/images/favicon.ico]
[backblue.gif]
[fade.gif]
[index.html]
[img.megabox.co.kr/SharedImg/metaTag/2020/02/04/gFfTzMwwiCxhBwcUV5TRGMFX9Cmoj64W.jpg]
[cast.imp.joins.com/persona.js]
[www.megabox.co.kr/static/pc/images/common/bg/bg-noimage-main.png]
[www.megabox.co.kr/static/pc/images/member/ico-facebook.png]
[www.megabox.co.kr/static/pc/images/member/ico-naver.png]
[www.megabox.co.kr/static/pc/images/member/ico-kakao.png]
[www.megabox.co.kr/static/pc/images/member/ico-payco.png]
[www.megabox.co.kr/static/pc/images/ie/txt-update.png]
[www.megabox.co.kr/static/pc/images/ie/btn-ie.png]
[www.megabox.co.kr/static/pc/images/ie/btn-chrome.png]
[www.megabox.co.kr/static/pc/images/ie/btn-appstore.png]
[www.megabox.co.kr/static/pc/images/ie/btn-google.png]
[www.megabox.co.kr/on/oh/ohg/MbLogin/riaLogOut.json]
[www.megabox.co.kr/booking.html]
[img.megabox.co.kr/static/pc/images/common/bg/bg-select-arr.png]
[www.megabox.co.kr/static/pc/dist/megabox.min.css]
[www.megabox.co.kr/static/pc/dist/megabox.api.min.js]
[www.megabox.co.kr/static/mb/js/lozad.min.js]
[www.megabox.co.kr/js/common/dist/megabox.common.min.js]
[www.megabox.co.kr/js/netfunnel/dist/megabox.netfunnel.min.js]
[www.megabox.co.kr/static/mb/js/hmac-sha256.js]
[www.megabox.co.kr/static/mb/js/enc-base64-min.js]
[www.megabox.co.kr/index.html]
[www.megabox.co.kr/user-find.html]
[www.megabox.co.kr/join.html]
[www.megabox.co.kr/on/oh/ohg/MbLogin/viewNonMbLogin.html]
[img.megabox.co.kr/SharedImg/event/2020/07/06/DwqZp3mvVctC37dtuR9I2CZSgH5AIBWL.jpg]
[img.megabox.co.kr/SharedImg/event/2020/07/01/GCdpoRVpTrUmADha2X55H0YlwLKc75h6.jpg]
[img.megabox.co.kr/SharedImg/event/2020/04/20/nLXLlpCdJJeTda2jdnejxqRSHjpQBHPt.jpg]
[img.megabox.co.kr/SharedImg/event/2020/02/21/oFER1mmPI4EFwg9pjnEosUI5H7wenOqB.jpg]
[img.megabox.co.kr/SharedImg/event/2020/02/04/gKsGCjwUJGTZkMJcp75e9O4iDP8ZSezP.jpg]
[www.megabox.co.kr/benefit/viplounge.html]
[www.megabox.co.kr/static/pc/images/benefit/img-card-mobile.png]
[www.megabox.co.kr/static/pc/images/benefit/img-card-real-01.png]
[www.megabox.co.kr/static/pc/images/benefit/img-card-real-02.png]
[www.megabox.co.kr/benefit/membership.html]
[img.megabox.co.kr/SharedImg/event/2020/07/01/AeSIFhjuftSRLwt7L5i4upVtbd8xKKNz.jpg]
[www.megabox.co.kr/support.html]
[img.megabox.co.kr/static/pc/images/reserve/img-theater-mx.png]
[img.megabox.co.kr/static/pc/images/reserve/img-theater-comfort.png]
[img.megabox.co.kr/static/pc/images/reserve/img-theater-boutique.png]
[img.megabox.co.kr/static/pc/images/reserve/img-theater-kids.png]
[img.megabox.co.kr/static/pc/images/reserve/img-theater-balcony.png]
[img.megabox.co.kr/static/pc/images/reserve/img-theater-firstclub.png]
[www.megabox.co.kr/booking/timetable.html]
[www.megabox.co.kr/movie.html]
[www.megabox.co.kr/static/pc/images/movie/mem-sp-img01.png]
[www.megabox.co.kr/static/pc/images/movie/mem-sp-img02.png]
[www.megabox.co.kr/static/pc/images/movie/img-film-society-badge.png]
[www.megabox.co.kr/static/pc/images/movie/img-classic-society-badge.png]
[www.megabox.co.kr/static/pc/images/movie/img-film-society-pop.png]
[www.megabox.co.kr/curation/specialcontent.html]
[www.megabox.co.kr/static/pc/images/movie/img-classic-society-pop.png]
[www.megabox.co.kr/festival.html]
[www.megabox.co.kr/static/pc/images/movie/img-P-MO-EX-01.png]
[img.megabox.co.kr/SharedImg/asis/system/mop/poster/2016/3C/3E4451-3314-4407-86B1-46A29FF2048C.medium.jpg]
[img.megabox.co.kr/SharedImg/asis/system/mop/poster/2016/BB/613A6D-2389-4946-BD85-29155BDEE2FF.medium.jpg]
[img.megabox.co.kr/SharedImg/2020/05/15/TAFm5eSuCBRThONLHqqDpRR6oDAFjD8U_150.jpg]
[img.megabox.co.kr/SharedImg/asis/system/mop/poster/2018/C6/013959-C07F-401A-AAC0-CA9A76DB48AE.medium.jpg]
[img.megabox.co.kr/SharedImg/asis/system/mop/poster/2017/D0/D558A7-DE6C-4178-B3F6-27A023AA5DEE.medium.jpg]
[www.megabox.co.kr/moviepost/all.html]
[www.megabox.co.kr/static/pc/images/movie/img-P-MO-PO0101-user-img01.png]
[www.megabox.co.kr/static/pc/images/reserve/img-addfood01.png]
[www.megabox.co.kr/static/pc/images/reserve/img-addfood02.png]
[www.megabox.co.kr/static/pc/images/reserve/img-addfood03.png]
[www.megabox.co.kr/booking/privatebooking.html]
[img.megabox.co.kr/SharedImg/event/2020/03/17/x23DPxjY0lBYKEGgOv0au8URBgUTbDPb.jpg]
[img.megabox.co.kr/SharedImg/event/2020/06/29/I7zwF8YsPKpSB6OTJeYQWFveuxhgIvlr.jpg]
[www.megabox.co.kr/theater/list.html]
[www.megabox.co.kr/static/pc/images/theater/sp-text-tit.png]
[www.megabox.co.kr/specialtheater/list.html]
[www.megabox.co.kr/benefit/discount/guide.html]
[www.megabox.co.kr/support/faq.html]
[www.megabox.co.kr/support/notice.html]
[www.megabox.co.kr/support/inquiry.html]
[www.megabox.co.kr/support/rent.html]
[www.megabox.co.kr/support/lost.html]
[www.megabox.co.kr/static/pc/images/intro/img-valuable.png]
[www.megabox.co.kr/static/pc/images/intro/img-lifetheater-tm.png]
[www.megabox.co.kr/static/pc/images/intro/bi-normal.png]
[www.megabox.co.kr/static/pc/images/intro/bi-slogan.png]
[www.megabox.co.kr/static/pc/images/intro/img-location-map.png]
[www.megabox.co.kr/megaboxinfo.html]
[www.megabox.co.kr/static/pc/images/intro/img-map-world.png]
[www.megabox.co.kr/socialcontribution.html]
[www.megabox.co.kr/advertize.html]
[www.megabox.co.kr/partner.html]
[www.megabox.co.kr/onlinereport.html]
[www.megabox.co.kr/ir.html]
[www.megabox.co.kr/static/pc/images/intro/img-recu-step01.png]
[www.megabox.co.kr/static/pc/images/intro/img-recu-step02.png]
[www.megabox.co.kr/static/pc/images/intro/img-recu-step03.png]
[www.megabox.co.kr/static/pc/images/intro/img-recu-step04.png]
[www.megabox.co.kr/static/pc/images/intro/img-recu-step05.png]
[www.megabox.co.kr/recruit.html]
[www.megabox.co.kr/support/terms.html]
[www.megabox.co.kr/support/privacy.html]
[www.megabox.co.kr/support/screenrule.html]
[www.megabox.co.kr/booking4b68.html]
[www.megabox.co.kr/booking00ea.html]
[www.megabox.co.kr/Version/index.html]
[www.megabox.co.kr/TweenLite.min.html]
[www.megabox.co.kr/cdnjs.cloudflare.com/ajax/libs/jquery-mousewheel/3.1.13/jquery.mousewheel.min.html]
[www.megabox.co.kr/version/index-2.html]
[www.megabox.co.kr/static/pc/images/common/ico/ico-connect-waiting.png]
[www.megabox.co.kr/static/pc/images/common/btn/btn-layer-close.png]
[www.megabox.co.kr/static/pc/dist/megabox.netfunnel.min.css]
[www.megabox.co.kr/static/pc/dist/jquery-1.12.4.min.js]
[www.megabox.co.kr/static/pc/dist/jquery-ui.1.12.1.min.js]
[www.megabox.co.kr/static/pc/js/jquery-1.12.4.js]
[www.megabox.co.kr/static/pc/js/jquery-ui.1.12.1.js]
[www.megabox.co.kr/static/pc/js/gsaps.js]
[www.megabox.co.kr/static/pc/images/mypage/bg-photo.png]
[www.megabox.co.kr/static/pc/images/reserve/bg-poster-view.png]
[www.megabox.co.kr/static/pc/images/common/bg/bg-noimage-notmain.png]
[www.megabox.co.kr/js/megaboxCom.js]
[www.megabox.co.kr/js/common/mega.prototype.js]
[www.megabox.co.kr/js/common/commons.js]
[www.megabox.co.kr/static/pc/js/bootstrap-custom.js]
[www.megabox.co.kr/static/pc/js/bootstrap-select.js]
[www.megabox.co.kr/main.html]
[www.megabox.co.kr/pass-find.html]
[www.megabox.co.kr/vipcoupon/guide.html]
[www.megabox.co.kr/static/pc/images/reserve/img-theater-screen.png]
[www.megabox.co.kr/on/oh/ohz/PcntSeatChoi/selectPcntSeatChoi4b68.html]
[www.megabox.co.kr/on/oh/ohz/PayBooking/completeSeat4b68.html]
[www.megabox.co.kr/js/megabox-brch.js]
[www.megabox.co.kr/js/megabox-simpleBokd.js]
[www.megabox.co.kr/static/pc/js/jquery.mCustomScrollbar.concat.min.js]
[www.megabox.co.kr/movie/comingsoon.html]
[www.megabox.co.kr/movie/film.html]
[www.megabox.co.kr/movie/classic.html]
[www.megabox.co.kr/moviepost.html]
[www.megabox.co.kr/on/oh/oha/Movie/selectCollectMoviePostDetail.html]
[www.megabox.co.kr/moviepost/MoviePostViewLayerPM.html]
[www.megabox.co.kr/on/oh/ohz/PayBooking/blank.html]
[www.megabox.co.kr/theateredf1.html]
[www.megabox.co.kr/static/pc/images/theater/img-theater-detail.jpg]
[www.megabox.co.kr/theater2384.html]
[www.megabox.co.kr/theater04fa.html]
[www.megabox.co.kr/theateraa59.html]
[www.megabox.co.kr/theaterfb37.html]
[www.megabox.co.kr/theatera83c.html]
[www.megabox.co.kr/theater1177.html]
[www.megabox.co.kr/theater3a3b.html]
[www.megabox.co.kr/theater37ed.html]
[www.megabox.co.kr/theater426b.html]
[www.megabox.co.kr/theatera260.html]
[www.megabox.co.kr/theater7f75.html]
[www.megabox.co.kr/theater6f66.html]
[www.megabox.co.kr/theater64ed.html]
[www.megabox.co.kr/theater8128.html]
[www.megabox.co.kr/theater5fe7.html]
[www.megabox.co.kr/theater58af.html]
[www.megabox.co.kr/theatere717.html]
[www.megabox.co.kr/theater447d.html]
[www.megabox.co.kr/theater2f8e.html]
[www.megabox.co.kr/theateraafd.html]
[www.megabox.co.kr/theatercc27.html]
[www.megabox.co.kr/theater707f.html]
[www.megabox.co.kr/theatere938.html]
[www.megabox.co.kr/theater93aa.html]
[www.megabox.co.kr/theater0d0b.html]
[www.megabox.co.kr/theaterbdf4.html]
[www.megabox.co.kr/theater49f6.html]
[www.megabox.co.kr/theatera216.html]
[www.megabox.co.kr/theater7265.html]
[www.megabox.co.kr/theater0ceb.html]
[www.megabox.co.kr/theater33fc.html]
[www.megabox.co.kr/theater73b9.html]
[www.megabox.co.kr/theater7059.html]
[www.megabox.co.kr/theater1893.html]
[www.megabox.co.kr/theater5692.html]
[www.megabox.co.kr/theater2cae.html]
[www.megabox.co.kr/theatered3d.html]
[www.megabox.co.kr/theater645e.html]
[www.megabox.co.kr/theater8a8f.html]
[www.megabox.co.kr/theatered65.html]
[www.megabox.co.kr/theater46c1.html]
[www.megabox.co.kr/theatercbb7.html]
[www.megabox.co.kr/theater85dd.html]
[www.megabox.co.kr/theaterfb0e.html]
[www.megabox.co.kr/theatera64a.html]
[www.megabox.co.kr/theater1901.html]
[www.megabox.co.kr/theaterf177.html]
[www.megabox.co.kr/theaterd1b8.html]
[www.megabox.co.kr/theaterf17c.html]
[www.megabox.co.kr/theater5ff0.html]
[www.megabox.co.kr/theatera346.html]
[www.megabox.co.kr/theater4a88.html]
[www.megabox.co.kr/theaterab4a.html]
[www.megabox.co.kr/theatere837.html]
[www.megabox.co.kr/theater7124.html]
[www.megabox.co.kr/theaterb681.html]
[www.megabox.co.kr/theater1653.html]
[www.megabox.co.kr/theatera094.html]
[www.megabox.co.kr/theater131d.html]
[www.megabox.co.kr/theatera73b.html]
[www.megabox.co.kr/theateradd7.html]
[www.megabox.co.kr/theater27eb.html]
[www.megabox.co.kr/theater346d.html]
[www.megabox.co.kr/theaterfa35.html]
[www.megabox.co.kr/theaterd4a3.html]
[www.megabox.co.kr/theater994b.html]
[www.megabox.co.kr/theateraa6f.html]
[www.megabox.co.kr/theater9e4c.html]
[www.megabox.co.kr/theater8b57.html]
[www.megabox.co.kr/theater710e.html]
[www.megabox.co.kr/theater2c90.html]
[www.megabox.co.kr/theatera9e6.html]
[www.megabox.co.kr/theaterfef9.html]
[www.megabox.co.kr/theater9193.html]
[www.megabox.co.kr/theater879c.html]
[www.megabox.co.kr/theatere7e7.html]
[www.megabox.co.kr/theatera237.html]
[www.megabox.co.kr/theater9caa.html]
[www.megabox.co.kr/theater593d.html]
[www.megabox.co.kr/theater2d17.html]
[www.megabox.co.kr/theater4e2a.html]
[www.megabox.co.kr/theater4f39.html]
[www.megabox.co.kr/theaterbb69.html]
[www.megabox.co.kr/theater128f.html]
[www.megabox.co.kr/theaterd230.html]
[www.megabox.co.kr/theater77c9.html]
[www.megabox.co.kr/theater5908.html]
[www.megabox.co.kr/theaterffaa.html]
[www.megabox.co.kr/theater4c5f.html]
[www.megabox.co.kr/theaterd1f1.html]
[www.megabox.co.kr/theaterbf4d.html]
[www.megabox.co.kr/theaterc0f6.html]
[www.megabox.co.kr/theater2dda.html]
[www.megabox.co.kr/theater5f27.html]
[www.megabox.co.kr/theater4dce.html]
[www.megabox.co.kr/theater0e1c.html]
[www.megabox.co.kr/theater72d0.html]
[www.megabox.co.kr/theater2e43.html]
[www.megabox.co.kr/theaterbf92.html]
[www.megabox.co.kr/theater3732.html]
[www.megabox.co.kr/theaterd9b3.html]
[www.megabox.co.kr/theaterd854.html]
[www.megabox.co.kr/theater8875.html]
[www.megabox.co.kr/theater83c6.html]
[www.megabox.co.kr/theater7fb8.html]
[www.megabox.co.kr/support/notice6b88.html]
[www.megabox.co.kr/support/notice/detail1ca4.html]
[www.megabox.co.kr/support/notice/detailb926.html]
[www.megabox.co.kr/support/notice/detail2a2e.html]
[www.megabox.co.kr/support/notice/detail492c.html]
[www.megabox.co.kr/support/notice/detailb9fa.html]
[www.megabox.co.kr/static/pc/images/theater/bg-detail-boutique.png]
[www.megabox.co.kr/static/pc/images/theater/img-theater-boutique-suite-01.png]
[www.megabox.co.kr/static/pc/images/theater/img-theater-boutique-suite-02.png]
[www.megabox.co.kr/static/pc/images/theater/img-theater-boutique-suite-03.png]
[www.megabox.co.kr/static/pc/images/theater/img-theater-boutique-suite-04.png]
[www.megabox.co.kr/static/pc/images/theater/img-theater-boutique-suite-05.png]
[www.megabox.co.kr/static/pc/images/theater/img-theater-boutique-03.png]
[www.megabox.co.kr/static/pc/images/theater/img-theater-boutique-04.png]
[www.megabox.co.kr/static/pc/images/theater/img-theater-boutique-01.png]
[www.megabox.co.kr/static/pc/images/theater/img-theater-boutique-02.png]
[www.megabox.co.kr/static/pc/images/theater/img-theater-boutique-private-01.png]
[www.megabox.co.kr/static/pc/images/theater/img-theater-boutique-private-02.png]
[www.megabox.co.kr/static/pc/images/theater/img-theater-boutique-private-03.png]
[www.megabox.co.kr/static/pc/images/theater/img-theater-boutique-private-04.png]
[www.megabox.co.kr/static/pc/images/theater/img-theater-boutique-private-05.png]
[www.megabox.co.kr/static/pc/images/theater/img-theater-boutique-rental-01.png]
[img.megabox.co.kr/SharedImg/store/2020/01/06/g2OrIICz7MGbYwB1lr05UuDjTgzf2Ru5.png]
[img.megabox.co.kr/SharedImg/store/2020/01/24/zYZUERT90TAXcjCEUxbl1FMhwR1Mf42Z.png]
[www.megabox.co.kr/specialtheater/boutique.html]
[www.megabox.co.kr/static/pc/images/theater/bg-detail-mx.png]
[www.megabox.co.kr/static/pc/images/theater/img-theater-mx-view01.png]
[www.megabox.co.kr/static/pc/images/theater/img-theater-mx-view02.png]
[www.megabox.co.kr/static/pc/images/theater/img-theater-mx-view03.png]
[www.megabox.co.kr/static/pc/images/theater/img-theater-mx-view04.png]
[www.megabox.co.kr/static/pc/images/theater/img-theater-mx-view05.png]
[www.megabox.co.kr/specialtheater/mx.html]
[www.megabox.co.kr/static/pc/images/theater/bg-detail-kids.png]
[www.megabox.co.kr/static/pc/images/theater/img-theater-kids-view01.png]
[www.megabox.co.kr/static/pc/images/theater/img-theater-kids-view02.png]
[www.megabox.co.kr/static/pc/images/theater/img-theater-kids-view03.png]
[www.megabox.co.kr/specialtheater/megakids.html]
[www.megabox.co.kr/static/pc/images/theater/bg-detail-comfort.png]
[www.megabox.co.kr/static/pc/images/theater/bg-table-chair.png]
[www.megabox.co.kr/static/pc/images/theater/bg-arm-chair.png]
[www.megabox.co.kr/static/pc/images/theater/bg-side-chair.png]
[www.megabox.co.kr/static/pc/images/theater/bg-wide-chair.png]
[www.megabox.co.kr/static/pc/images/theater/img-theater-comfort-view01.png]
[www.megabox.co.kr/static/pc/images/theater/img-theater-comfort-view02.png]
[www.megabox.co.kr/specialtheater/comfort.html]
[www.megabox.co.kr/static/pc/images/theater/img-theater-comfort-view03.png]
[www.megabox.co.kr/static/pc/images/theater/bg-detail-first.png]
[www.megabox.co.kr/static/pc/images/theater/img-theater-first-view01.png]
[www.megabox.co.kr/specialtheater/firstclub.html]
[www.megabox.co.kr/static/pc/images/theater/img-theater-first-view02.png]
[img.megabox.co.kr/SharedImg/event/2020/06/16/GcDx0cF1WsWfm11gJYI1J88kzV60DFD9.jpg]
[www.megabox.co.kr/event/promotion.html]
[www.megabox.co.kr/static/pc/images/benefit/img-ticket-culture.png]
[www.megabox.co.kr/static/pc/images/benefit/img-ticket-book.png]
[www.megabox.co.kr/static/pc/images/benefit/img-ticket-happy.png]
[www.megabox.co.kr/static/pc/images/benefit/img-ticket-movie.png]
[www.megabox.co.kr/benefit/discount/giftcard.html]
[www.megabox.co.kr/benefit/discount/telecomcard.html]
[www.megabox.co.kr/benefit/discount/creditcard.html]
[www.megabox.co.kr/benefit/discount/pointcard.html]
[www.megabox.co.kr/support/lost/form.html]
[www.megabox.co.kr/onlinereport/report.html]
[www.megabox.co.kr/user-findd41d.html]
[www.megabox.co.kr/js/netfunnel/netfunnel.js]
[www.megabox.co.kr/js/netfunnel/netfunnel_skin.js]
[www.megabox.co.kr/js/netfunnel/netfunnel_frm.js]
[www.megabox.co.kr/static/pc/js/swiper.min.js]
[www.megabox.co.kr/static/pc/js/masonry.pkgd.min.js]
[www.megabox.co.kr/on/oh/ohz/PayBooking/completeSeat.html]
[www.megabox.co.kr/booking/cdnjs.cloudflare.com/ajax/libs/jquery-mousewheel/3.1.13/jquery.mousewheel.min.html]
[www.megabox.co.kr/MoviePostViewLayerPM.html]
[www.megabox.co.kr/on/static/pc/images/member/ico-facebook.html]
[www.megabox.co.kr/on/static/pc/images/member/ico-naver.html]
[www.megabox.co.kr/on/static/pc/images/member/ico-kakao.html]
[www.megabox.co.kr/on/static/pc/images/member/ico-payco.html]
[www.megabox.co.kr/on/static/pc/images/ie/txt-update.html]
[www.megabox.co.kr/on/static/pc/images/ie/btn-ie.html]
[www.megabox.co.kr/on/static/pc/images/ie/btn-chrome.html]
[www.megabox.co.kr/on/static/pc/images/ie/btn-appstore.html]
[www.megabox.co.kr/on/static/pc/images/ie/btn-google.html]
[www.megabox.co.kr/specialtheater/boutique/time.html]
[www.megabox.co.kr/specialtheater/boutique/timea216.html]
[www.megabox.co.kr/specialtheater/boutique/time426b.html]
[www.megabox.co.kr/specialtheater/boutique/time58af.html]
[www.megabox.co.kr/specialtheater/boutique/timea64a.html]
[www.megabox.co.kr/specialtheater/boutique/timea260.html]
[www.megabox.co.kr/specialtheater/boutique/time8a8f.html]
[www.megabox.co.kr/specialtheater/mx/time.html]
[www.megabox.co.kr/specialtheater/megakids/time.html]
[www.megabox.co.kr/specialtheater/comfort/time.html]
[www.megabox.co.kr/specialtheater/firstclub/info.html]
[www.megabox.co.kr/specialtheater/firstclub/time.html]
[www.megabox.co.kr/event/promotiond41d.html]
[img.megabox.co.kr/SharedImg/event/2020/06/15/1FmOw19ViMIYmwN25yvK8VDpgkQ8nQEM.jpg]
[img.megabox.co.kr/SharedImg/event/2020/02/04/i9NGIyGy03nENid0DtNmMjLqrxhrZOv1.jpg]
[www.megabox.co.kr/event.html]
[www.megabox.co.kr/event/movie.html]
[www.megabox.co.kr/event/theater.html]
[www.megabox.co.kr/event/megabox.html]
[www.megabox.co.kr/event/curtaincall.html]
[www.megabox.co.kr/event/winner.html]
[www.megabox.co.kr/on/oh/ohg/MbLogin/selectRiaLoginInfo.html]
[www.megabox.co.kr/on/oh/ohz/PcntSeatChoi/Version/index.html]
[www.megabox.co.kr/on/oh/ohz/PcntSeatChoi/version/index-2.html]
[www.megabox.co.kr/eventd41d.html]
[www.megabox.co.kr/event/movied41d.html]
[www.megabox.co.kr/event/theaterd41d.html]
[www.megabox.co.kr/event/megaboxd41d.html]
[www.megabox.co.kr/event/curtaincalld41d.html]
[image2.megabox.co.kr/mop/home/appbunpage/URLVIEW.jpg]
[www.megabox.co.kr/theater.html]
